// Jest Snapshot v1, https://goo.gl/fbAQLP

exports[`FavoriteContainer should match snapshot 1`] = `
<section
  className="main"
>
  <section
    className="image-container"
  />
</section>
`;
