// Jest Snapshot v1, https://goo.gl/fbAQLP

exports[`App should match the snapshot with all data passed in 1`] = `
<div
  className="App"
>
  <Route
    component={
      Object {
        "$$typeof": Symbol(react.memo),
        "WrappedComponent": [Function],
        "compare": null,
        "displayName": "Connect(FavoriteContainer)",
        "type": [Function],
      }
    }
    exact={true}
    path="/favorites"
  />
  <Route
    component={
      Object {
        "$$typeof": Symbol(react.memo),
        "WrappedComponent": [Function],
        "compare": null,
        "displayName": "Connect(Header)",
        "type": [Function],
      }
    }
    exact={true}
    path="/"
  />
  <Route
    component={
      Object {
        "$$typeof": Symbol(react.memo),
        "WrappedComponent": [Function],
        "compare": null,
        "displayName": "Connect(MovieContainer)",
        "type": [Function],
      }
    }
    exact={true}
    path="/"
  />
  <Route
    component={
      Object {
        "$$typeof": Symbol(react.memo),
        "WrappedComponent": [Function],
        "compare": null,
        "displayName": "Connect(Login)",
        "type": [Function],
      }
    }
    exact={true}
    path="/login"
  />
  <Route
    component={[Function]}
    exact={true}
    path="/signup"
  />
  <Route
    path="/movies/:id"
    render={[Function]}
  />
</div>
`;
